// Jest Snapshot v1, https://goo.gl/fbAQLP

exports[`HomeNav should match the snapshot 1`] = `
<div
  className="HomeNav"
>
  <h1
    className="HomeNav__h1--title"
  >
    Palette Picker
  </h1>
  <div
    className="HomeNav__div--icon-container"
  >
    <IoMdRefresh
      className="HomeNav__icon"
    />
    <GiSave
      className="HomeNav__icon"
    />
    <Link
      className="link"
      to="/projects"
    >
      <FaRegFolder
        className="HomeNav__icon"
      />
    </Link>
  </div>
</div>
`;
