// Jest Snapshot v1, https://goo.gl/fbAQLP

exports[`ColorCard should match the snapshot 1`] = `
<div
  className="ColorCard"
  style={
    Object {
      "backgroundColor": undefined,
    }
  }
>
  <h4
    className="ColorCard__h4"
  />
  <MdCheckBoxOutlineBlank
    onClick={[Function]}
  />
</div>
`;
