// Jest Snapshot v1, https://goo.gl/fbAQLP

exports[`PaletteForm should match the snapshot 1`] = `
<div
  className="PaletteForm"
>
  <h2
    className="PaletteForm__h2--title"
  >
    Save New Palette
  </h2>
  <label
    className="PaletteForm__label--palette-name"
    htmlFor="paletteName"
  >
    Palette Name:
  </label>
  <input
    className="PaletteForm__input--palette-name"
    name="paletteName"
    onChange={[Function]}
    placeholder="Palette Name"
    type="text"
    value=""
  />
  <label
    className="PaletteForm__label--project"
    htmlFor="project"
  >
    Choose A Project:
  </label>
  <select
    className="PaletteForm__select--project"
    onChange={[Function]}
    value="Please select a project"
  >
    <option
      value=""
    >
      Please select
    </option>
    <option
      key="0"
    />
    <option
      key="1"
    />
    <option
      key="2"
    />
  </select>
  <button
    className="PaletteForm__button--cancel"
    onClick={[Function]}
    type="button"
  >
    Cancel
  </button>
  <button
    className="PaletteForm__button--save"
    onClick={[Function]}
    type="button"
  >
    Save
  </button>
</div>
`;
