// Jest Snapshot v1, https://goo.gl/fbAQLP

exports[`ProjectNav should match the snapshot 1`] = `
<div
  className="ProjectNav"
>
  <h1
    className="ProjectNav__h1--title"
  >
    Palette Projects
  </h1>
  <div
    className="ProjectNav__div--add-container"
  >
    <input
      id="new-project-input"
      onChange={[Function]}
      placeholder="Enter Project Name"
      value=""
    />
    <p
      className="ProjectNav__button--new-project"
      onClick={[Function]}
    >
      Add New Project
    </p>
  </div>
</div>
`;
